Total iters=466; Iterations by algorithm type: leave=294, enter=172
Factorizations: 51
